// Vitest Snapshot v1, https://vitest.dev/guide/snapshot.html

exports[`renders form 1`] = `
<form
  className="create-form"
  onSubmit={[Function]}
>
  <input
    className="full-width"
    onChange={[Function]}
    placeholder="Group title â€¦"
    type="text"
    value="Badminton"
  />
  <button
    className="create"
  >
    Create
  </button>
</form>
`;
