// Jest Snapshot v1, https://goo.gl/fbAQLP

exports[`renders prefilled input 1`] = `
<div
  className="form-row-input date-input"
>
  <button
    className=""
    onClick={[Function]}
    type="button"
  >
    today
  </button>
  <button
    className=""
    onClick={[Function]}
    type="button"
  >
    yesterday
  </button>
  <input
    onChange={[Function]}
    type="date"
    value="2020-03-22"
  />
</div>
`;
