// Vitest Snapshot v1, https://vitest.dev/guide/snapshot.html

exports[`renders form 1`] = `
<form
  className="import-form"
  onSubmit={[Function]}
>
  <div
    className="row-label"
  >
    Import group:
  </div>
  <input
    autoFocus={true}
    className="full-width"
    onChange={[Function]}
    placeholder="Group ID â€¦"
    type="text"
    value="xy123hq"
  />
  <button>
    Import
  </button>
  <div
    className="error-message"
  />
</form>
`;
